Error: Could not find or load main class rs.ac.bg.etf.pp1.Compiler
Caused by: java.lang.ClassNotFoundException: rs.ac.bg.etf.pp1.Compiler
